
R version 3.6.0 (2019-04-26) -- "Planting of a Tree"
Copyright (C) 2019 The R Foundation for Statistical Computing
Platform: x86_64-apple-darwin15.6.0 (64-bit)

R is free software and comes with ABSOLUTELY NO WARRANTY.
You are welcome to redistribute it under certain conditions.
Type 'license()' or 'licence()' for distribution details.

R is a collaborative project with many contributors.
Type 'contributors()' for more information and
'citation()' on how to cite R or R packages in publications.

Type 'demo()' for some demos, 'help()' for on-line help, or
'help.start()' for an HTML browser interface to help.
Type 'q()' to quit R.

> library(testthat)
> library(anomalize)
[30mâ•â•[39m [30mUse anomalize to improve your Forecasts by 50%![39m [30mâ•â•â•â•â•â•â•â•â•â•â•â•â•â•â•â•â•â•â•â•â•â•â•â•â•â•â•â•â•[39m[34m
Business Science offers a 1-hour course - Lab #18: Time Series Anomaly Detection!
[39m[34m</> Learn more at: https://university.business-science.io/p/learning-labs-pro </>[39m
> library(dplyr)

Attaching package: 'dplyr'

The following object is masked from 'package:testthat':

    matches

The following objects are masked from 'package:stats':

    filter, lag

The following objects are masked from 'package:base':

    intersect, setdiff, setequal, union

> library(ggplot2)
> library(tibble)
Warning message:
package 'tibble' was built under R version 3.6.2 
> library(stringr)
> 
> # set_time_scale_template(time_scale_template())
> 
> test_check("anomalize")
â•â• testthat results  â•â•â•â•â•â•â•â•â•â•â•â•â•â•â•â•â•â•â•â•â•â•â•â•â•â•â•â•â•â•â•â•â•â•â•â•â•â•â•â•â•â•â•â•â•â•â•â•â•â•â•â•â•â•â•â•â•â•â•
[ OK: 67 | SKIPPED: 0 | WARNINGS: 0 | FAILED: 0 ]
> 
> proc.time()
   user  system elapsed 
 14.141   0.257  14.437 
